// Jest Snapshot v1, https://goo.gl/fbAQLP

exports[`Works with styled component 1`] = `
.c0 {
  color: #282C35;
}

<button
  class="c0"
>
  Tests are working
</button>
`;
